
There are no discarded input sections

Memory Configuration

Name             Origin             Length             Attributes
*default*        0x00000000         0xffffffff

Linker script and memory map

LOAD C:/Users/Lei/.platformio/packages/toolchain-xtensa-esp-elf/bin/../lib/gcc/xtensa-esp-elf/14.2.0/../../../../xtensa-esp-elf/lib/esp32s3/crt0.o
LOAD C:/Users/Lei/.platformio/packages/toolchain-xtensa-esp-elf/bin/../lib/gcc/xtensa-esp-elf/14.2.0/esp32s3/crti.o
LOAD C:/Users/Lei/.platformio/packages/toolchain-xtensa-esp-elf/bin/../lib/gcc/xtensa-esp-elf/14.2.0/esp32s3/crtbegin.o
LOAD CMakeFiles/cmTC_797e4.dir/src.c.obj
LOAD C:/Users/Lei/.platformio/packages/toolchain-xtensa-esp-elf/bin/../lib/gcc/xtensa-esp-elf/14.2.0/esp32s3\libgcc.a
LOAD C:/Users/Lei/.platformio/packages/toolchain-xtensa-esp-elf/bin/../lib/gcc/xtensa-esp-elf/14.2.0/../../../../xtensa-esp-elf/lib/esp32s3\libc.a
LOAD C:/Users/Lei/.platformio/packages/toolchain-xtensa-esp-elf/bin/../lib/gcc/xtensa-esp-elf/14.2.0/../../../../xtensa-esp-elf/lib/esp32s3\libnosys.a
LOAD C:/Users/Lei/.platformio/packages/toolchain-xtensa-esp-elf/bin/../lib/gcc/xtensa-esp-elf/14.2.0/../../../../xtensa-esp-elf/lib/esp32s3\libc.a
LOAD C:/Users/Lei/.platformio/packages/toolchain-xtensa-esp-elf/bin/../lib/gcc/xtensa-esp-elf/14.2.0/esp32s3\libgcc.a
LOAD C:/Users/Lei/.platformio/packages/toolchain-xtensa-esp-elf/bin/../lib/gcc/xtensa-esp-elf/14.2.0/esp32s3/crtend.o
LOAD C:/Users/Lei/.platformio/packages/toolchain-xtensa-esp-elf/bin/../lib/gcc/xtensa-esp-elf/14.2.0/esp32s3/crtn.o
                [!provide]                        PROVIDE (__executable_start = 0x400000)
                0x00400074                        . = (0x400000 + SIZEOF_HEADERS)

.interp
 *(.interp)

.note.gnu.build-id
 *(.note.gnu.build-id)

.hash
 *(.hash)

.gnu.hash
 *(.gnu.hash)

.dynsym
 *(.dynsym)

.dynstr
 *(.dynstr)

.gnu.version
 *(.gnu.version)

.gnu.version_d
 *(.gnu.version_d)

.gnu.version_r
 *(.gnu.version_r)

.rela.dyn
 *(.rela.init)
 *(.rela.text .rela.text.* .rela.gnu.linkonce.t.*)
 *(.rela.fini)
 *(.rela.rodata .rela.rodata.* .rela.gnu.linkonce.r.*)
 *(.rela.data .rela.data.* .rela.gnu.linkonce.d.*)
 *(.rela.tdata .rela.tdata.* .rela.gnu.linkonce.td.*)
 *(.rela.tbss .rela.tbss.* .rela.gnu.linkonce.tb.*)
 *(.rela.ctors)
 *(.rela.dtors)
 *(.rela.got)
 *(.rela.bss .rela.bss.* .rela.gnu.linkonce.b.*)

.rela.plt
 *(.rela.plt)

.text           0x00400074      0x12f
 *(.got.plt* .plt*)
 *(.init.literal)
 .init.literal  0x00400074        0x4 C:/Users/Lei/.platformio/packages/toolchain-xtensa-esp-elf/bin/../lib/gcc/xtensa-esp-elf/14.2.0/esp32s3/crtbegin.o
 .init.literal  0x00400078        0x4 C:/Users/Lei/.platformio/packages/toolchain-xtensa-esp-elf/bin/../lib/gcc/xtensa-esp-elf/14.2.0/esp32s3/crtend.o
 *(SORT_NONE(.init))
 .literal       0x0040007c        0x4 C:/Users/Lei/.platformio/packages/toolchain-xtensa-esp-elf/bin/../lib/gcc/xtensa-esp-elf/14.2.0/../../../../xtensa-esp-elf/lib/esp32s3/crt0.o
 .literal       0x00400080       0x30 C:/Users/Lei/.platformio/packages/toolchain-xtensa-esp-elf/bin/../lib/gcc/xtensa-esp-elf/14.2.0/esp32s3/crtbegin.o
                                 0x44 (size before relaxing)
 .literal       0x004000b0        0x4 C:/Users/Lei/.platformio/packages/toolchain-xtensa-esp-elf/bin/../lib/gcc/xtensa-esp-elf/14.2.0/esp32s3/crtend.o
 .fini.literal  0x004000b4        0x4 C:/Users/Lei/.platformio/packages/toolchain-xtensa-esp-elf/bin/../lib/gcc/xtensa-esp-elf/14.2.0/esp32s3/crtbegin.o
 .init          0x004000b8        0x3 C:/Users/Lei/.platformio/packages/toolchain-xtensa-esp-elf/bin/../lib/gcc/xtensa-esp-elf/14.2.0/esp32s3/crti.o
                0x004000b8                _init
 .init          0x004000bb        0x6 C:/Users/Lei/.platformio/packages/toolchain-xtensa-esp-elf/bin/../lib/gcc/xtensa-esp-elf/14.2.0/esp32s3/crtbegin.o
 .init          0x004000c1        0x6 C:/Users/Lei/.platformio/packages/toolchain-xtensa-esp-elf/bin/../lib/gcc/xtensa-esp-elf/14.2.0/esp32s3/crtend.o
 .init          0x004000c7        0x2 C:/Users/Lei/.platformio/packages/toolchain-xtensa-esp-elf/bin/../lib/gcc/xtensa-esp-elf/14.2.0/esp32s3/crtn.o
 *(.literal .text .stub .literal.* .text.* .gnu.linkonce.literal.* .gnu.linkonce.t.*.literal .gnu.linkonce.t.*)
 .text          0x004000c9        0x6 C:/Users/Lei/.platformio/packages/toolchain-xtensa-esp-elf/bin/../lib/gcc/xtensa-esp-elf/14.2.0/../../../../xtensa-esp-elf/lib/esp32s3/crt0.o
                0x004000c9                _start
 *fill*         0x004000cf        0x1 00000000
 .text          0x004000d0       0xa2 C:/Users/Lei/.platformio/packages/toolchain-xtensa-esp-elf/bin/../lib/gcc/xtensa-esp-elf/14.2.0/esp32s3/crtbegin.o
 *fill*         0x00400172        0x2 00000000
 .text          0x00400174       0x16 C:/Users/Lei/.platformio/packages/toolchain-xtensa-esp-elf/bin/../lib/gcc/xtensa-esp-elf/14.2.0/esp32s3/crtend.o
 *fill*         0x0040018a        0x0 00000000
 .text          0x0040018a        0x0 C:/Users/Lei/.platformio/packages/toolchain-xtensa-esp-elf/bin/../lib/gcc/xtensa-esp-elf/14.2.0/esp32s3/crti.o
 *fill*         0x0040018a        0x0 00000000
 *fill*         0x0040018a        0x2 00000000
 .text          0x0040018c        0xb CMakeFiles/cmTC_797e4.dir/src.c.obj
                0x0040018c                main
 *fill*         0x00400197        0x0 00000000
 .text          0x00400197        0x0 C:/Users/Lei/.platformio/packages/toolchain-xtensa-esp-elf/bin/../lib/gcc/xtensa-esp-elf/14.2.0/esp32s3/crtn.o
 *(.gnu.warning)
 *(.fini.literal)
 *fill*         0x00400197        0x0 00000000
 *(SORT_NONE(.fini))
 *fill*         0x00400197        0x1 00000000
 .fini          0x00400198        0x3 C:/Users/Lei/.platformio/packages/toolchain-xtensa-esp-elf/bin/../lib/gcc/xtensa-esp-elf/14.2.0/esp32s3/crti.o
                0x00400198                _fini
 .fini          0x0040019b        0x6 C:/Users/Lei/.platformio/packages/toolchain-xtensa-esp-elf/bin/../lib/gcc/xtensa-esp-elf/14.2.0/esp32s3/crtbegin.o
 .fini          0x004001a1        0x2 C:/Users/Lei/.platformio/packages/toolchain-xtensa-esp-elf/bin/../lib/gcc/xtensa-esp-elf/14.2.0/esp32s3/crtn.o
                [!provide]                        PROVIDE (__etext = .)
                [!provide]                        PROVIDE (_etext = .)
                [!provide]                        PROVIDE (etext = .)

.rodata
 *(.rodata .rodata.* .gnu.linkonce.r.*)

.rodata1
 *(.rodata1)

.got.loc
 *(.got.loc)

.xt_except_table
 *(.xt_except_table .xt_except_table.* .gnu.linkonce.e.*)

.eh_frame_hdr
 *(.eh_frame_hdr)

.eh_frame       0x004001a4        0x4
 *(.eh_frame)
 .eh_frame      0x004001a4        0x0 C:/Users/Lei/.platformio/packages/toolchain-xtensa-esp-elf/bin/../lib/gcc/xtensa-esp-elf/14.2.0/esp32s3/crtbegin.o
 .eh_frame      0x004001a4        0x4 C:/Users/Lei/.platformio/packages/toolchain-xtensa-esp-elf/bin/../lib/gcc/xtensa-esp-elf/14.2.0/esp32s3/crtend.o

.gcc_except_table
 *(.gcc_except_table .gcc_except_table.*)
                0x004001a8                        . = (ALIGN (CONSTANT (MAXPAGESIZE)) - ((CONSTANT (MAXPAGESIZE) - .) & (CONSTANT (MAXPAGESIZE) - 0x1)))
                0x004011a8                        . = DATA_SEGMENT_ALIGN (CONSTANT (MAXPAGESIZE), CONSTANT (COMMONPAGESIZE))

.eh_frame
 *(.eh_frame)

.gcc_except_table
 *(.gcc_except_table .gcc_except_table.*)

.tdata
 *(.tdata .tdata.* .gnu.linkonce.td.*)

.tbss
 *(.tbss .tbss.* .gnu.linkonce.tb.*)
 *(.tcommon)

.preinit_array  0x004011a8        0x0
                [!provide]                        PROVIDE (__preinit_array_start = .)
 *(.preinit_array)
                [!provide]                        PROVIDE (__preinit_array_end = .)

.init_array     0x004011a8        0x0
                [!provide]                        PROVIDE (__init_array_start = .)
 *(SORT_BY_NAME(.init_array.*))
 *(.init_array)
                [!provide]                        PROVIDE (__init_array_end = .)

.fini_array     0x004011a8        0x0
                [!provide]                        PROVIDE (__fini_array_start = .)
 *(SORT_BY_NAME(.fini_array.*))
 *(.fini_array)
                [!provide]                        PROVIDE (__fini_array_end = .)

.ctors          0x004011a8        0x8
 *crtbegin.o(.ctors)
 .ctors         0x004011a8        0x4 C:/Users/Lei/.platformio/packages/toolchain-xtensa-esp-elf/bin/../lib/gcc/xtensa-esp-elf/14.2.0/esp32s3/crtbegin.o
 *crtbegin?.o(.ctors)
 *(EXCLUDE_FILE(*crtend?.o *crtend.o) .ctors)
 *(SORT_BY_NAME(.ctors.*))
 *(.ctors)
 .ctors         0x004011ac        0x4 C:/Users/Lei/.platformio/packages/toolchain-xtensa-esp-elf/bin/../lib/gcc/xtensa-esp-elf/14.2.0/esp32s3/crtend.o

.dtors          0x004011b0        0x8
 *crtbegin.o(.dtors)
 .dtors         0x004011b0        0x4 C:/Users/Lei/.platformio/packages/toolchain-xtensa-esp-elf/bin/../lib/gcc/xtensa-esp-elf/14.2.0/esp32s3/crtbegin.o
 *crtbegin?.o(.dtors)
 *(EXCLUDE_FILE(*crtend?.o *crtend.o) .dtors)
 *(SORT_BY_NAME(.dtors.*))
 *(.dtors)
 .dtors         0x004011b4        0x4 C:/Users/Lei/.platformio/packages/toolchain-xtensa-esp-elf/bin/../lib/gcc/xtensa-esp-elf/14.2.0/esp32s3/crtend.o
                0x004011b4                __DTOR_END__

.jcr
 *(.jcr)

.data.rel.ro
 *(.data.rel.ro.local* .gnu.linkonce.d.rel.ro.local.*)
 *(.data.rel.ro .data.rel.ro.* .gnu.linkonce.d.rel.ro.*)

.xt_except_table
 *(.xt_except_table .xt_except_table.* .gnu.linkonce.e.*)

.dynamic
 *(.dynamic)
                0x004011b8                        . = DATA_SEGMENT_RELRO_END (., 0x0)

.got
 *(.got)

.data           0x004011b8        0x0
 *(.data .data.* .gnu.linkonce.d.*)
 .data          0x004011b8        0x0 C:/Users/Lei/.platformio/packages/toolchain-xtensa-esp-elf/bin/../lib/gcc/xtensa-esp-elf/14.2.0/../../../../xtensa-esp-elf/lib/esp32s3/crt0.o
 .data          0x004011b8        0x0 C:/Users/Lei/.platformio/packages/toolchain-xtensa-esp-elf/bin/../lib/gcc/xtensa-esp-elf/14.2.0/esp32s3/crti.o
 .data          0x004011b8        0x0 C:/Users/Lei/.platformio/packages/toolchain-xtensa-esp-elf/bin/../lib/gcc/xtensa-esp-elf/14.2.0/esp32s3/crtbegin.o
 .data          0x004011b8        0x0 CMakeFiles/cmTC_797e4.dir/src.c.obj
 .data          0x004011b8        0x0 C:/Users/Lei/.platformio/packages/toolchain-xtensa-esp-elf/bin/../lib/gcc/xtensa-esp-elf/14.2.0/esp32s3/crtend.o
 .data          0x004011b8        0x0 C:/Users/Lei/.platformio/packages/toolchain-xtensa-esp-elf/bin/../lib/gcc/xtensa-esp-elf/14.2.0/esp32s3/crtn.o

.tm_clone_table
                0x004011b8        0x0
 .tm_clone_table
                0x004011b8        0x0 C:/Users/Lei/.platformio/packages/toolchain-xtensa-esp-elf/bin/../lib/gcc/xtensa-esp-elf/14.2.0/esp32s3/crtbegin.o
 .tm_clone_table
                0x004011b8        0x0 C:/Users/Lei/.platformio/packages/toolchain-xtensa-esp-elf/bin/../lib/gcc/xtensa-esp-elf/14.2.0/esp32s3/crtend.o

.data1
 *(.data1)

.xt_except_desc
 *(.xt_except_desc .xt_except_desc.* .gnu.linkonce.h.*)
 *(.xt_except_desc_end)

.lit4           0x004011b8        0x0
                [!provide]                        PROVIDE (_lit4_start = .)
 *(.lit4 .lit4.* .gnu.linkonce.lit4.*)
                [!provide]                        PROVIDE (_lit4_end = .)
                0x004011b8                        _edata = .
                [!provide]                        PROVIDE (edata = .)
                0x004011b8                        . = ALIGN (ALIGNOF (NEXT_SECTION))
                0x004011b8                        __bss_start = .

.bss            0x004011b8       0x20
 *(.dynbss)
 *(.bss .bss.* .gnu.linkonce.b.*)
 .bss           0x004011b8        0x0 C:/Users/Lei/.platformio/packages/toolchain-xtensa-esp-elf/bin/../lib/gcc/xtensa-esp-elf/14.2.0/../../../../xtensa-esp-elf/lib/esp32s3/crt0.o
 .bss           0x004011b8        0x0 C:/Users/Lei/.platformio/packages/toolchain-xtensa-esp-elf/bin/../lib/gcc/xtensa-esp-elf/14.2.0/esp32s3/crti.o
 .bss           0x004011b8       0x20 C:/Users/Lei/.platformio/packages/toolchain-xtensa-esp-elf/bin/../lib/gcc/xtensa-esp-elf/14.2.0/esp32s3/crtbegin.o
 .bss           0x004011d8        0x0 CMakeFiles/cmTC_797e4.dir/src.c.obj
 .bss           0x004011d8        0x0 C:/Users/Lei/.platformio/packages/toolchain-xtensa-esp-elf/bin/../lib/gcc/xtensa-esp-elf/14.2.0/esp32s3/crtend.o
 .bss           0x004011d8        0x0 C:/Users/Lei/.platformio/packages/toolchain-xtensa-esp-elf/bin/../lib/gcc/xtensa-esp-elf/14.2.0/esp32s3/crtn.o
 *(COMMON)
                0x004011d8                        . = ALIGN ((. != 0x0)?0x4:0x1)
                0x004011d8                        . = ALIGN (0x4)
                0x004011d8                        . = ALIGN (0x4)
                0x004011d8                        _end = .
                [!provide]                        PROVIDE (end = .)
                0x004011d8                        . = DATA_SEGMENT_END (.)

.stab
 *(.stab)

.stabstr
 *(.stabstr)

.stab.excl
 *(.stab.excl)

.stab.exclstr
 *(.stab.exclstr)

.stab.index
 *(.stab.index)

.stab.indexstr
 *(.stab.indexstr)

.comment        0x00000000       0x2f
 *(.comment)
 .comment       0x00000000       0x2f C:/Users/Lei/.platformio/packages/toolchain-xtensa-esp-elf/bin/../lib/gcc/xtensa-esp-elf/14.2.0/esp32s3/crtbegin.o
                                 0x30 (size before relaxing)
 .comment       0x0000002f       0x30 CMakeFiles/cmTC_797e4.dir/src.c.obj
 .comment       0x0000002f       0x30 C:/Users/Lei/.platformio/packages/toolchain-xtensa-esp-elf/bin/../lib/gcc/xtensa-esp-elf/14.2.0/esp32s3/crtend.o

.xtensa.info    0x00000000       0x38
 .xtensa.info   0x00000000       0x38 C:/Users/Lei/.platformio/packages/toolchain-xtensa-esp-elf/bin/../lib/gcc/xtensa-esp-elf/14.2.0/../../../../xtensa-esp-elf/lib/esp32s3/crt0.o
 .xtensa.info   0x00000038        0x0 C:/Users/Lei/.platformio/packages/toolchain-xtensa-esp-elf/bin/../lib/gcc/xtensa-esp-elf/14.2.0/esp32s3/crti.o
 .xtensa.info   0x00000038        0x0 C:/Users/Lei/.platformio/packages/toolchain-xtensa-esp-elf/bin/../lib/gcc/xtensa-esp-elf/14.2.0/esp32s3/crtbegin.o
 .xtensa.info   0x00000038        0x0 CMakeFiles/cmTC_797e4.dir/src.c.obj
 .xtensa.info   0x00000038        0x0 C:/Users/Lei/.platformio/packages/toolchain-xtensa-esp-elf/bin/../lib/gcc/xtensa-esp-elf/14.2.0/esp32s3/crtend.o
 .xtensa.info   0x00000038        0x0 C:/Users/Lei/.platformio/packages/toolchain-xtensa-esp-elf/bin/../lib/gcc/xtensa-esp-elf/14.2.0/esp32s3/crtn.o

.gnu.build.attributes
 *(.gnu.build.attributes .gnu.build.attributes.*)

.debug
 *(.debug)

.line
 *(.line)

.debug_srcinfo
 *(.debug_srcinfo)

.debug_sfnames
 *(.debug_sfnames)

.debug_aranges  0x00000000       0x20
 *(.debug_aranges)
 .debug_aranges
                0x00000000       0x20 C:/Users/Lei/.platformio/packages/toolchain-xtensa-esp-elf/bin/../lib/gcc/xtensa-esp-elf/14.2.0/../../../../xtensa-esp-elf/lib/esp32s3/crt0.o

.debug_pubnames
 *(.debug_pubnames)

.debug_info     0x00000000       0x24
 *(.debug_info .gnu.linkonce.wi.*)
 .debug_info    0x00000000       0x24 C:/Users/Lei/.platformio/packages/toolchain-xtensa-esp-elf/bin/../lib/gcc/xtensa-esp-elf/14.2.0/../../../../xtensa-esp-elf/lib/esp32s3/crt0.o

.debug_abbrev   0x00000000       0x14
 *(.debug_abbrev)
 .debug_abbrev  0x00000000       0x14 C:/Users/Lei/.platformio/packages/toolchain-xtensa-esp-elf/bin/../lib/gcc/xtensa-esp-elf/14.2.0/../../../../xtensa-esp-elf/lib/esp32s3/crt0.o

.debug_line     0x00000000       0x50
 *(.debug_line .debug_line.* .debug_line_end)
 .debug_line    0x00000000       0x50 C:/Users/Lei/.platformio/packages/toolchain-xtensa-esp-elf/bin/../lib/gcc/xtensa-esp-elf/14.2.0/../../../../xtensa-esp-elf/lib/esp32s3/crt0.o

.debug_frame
 *(.debug_frame)

.debug_str      0x00000000       0xbf
 *(.debug_str)
 .debug_str     0x00000000       0xbf C:/Users/Lei/.platformio/packages/toolchain-xtensa-esp-elf/bin/../lib/gcc/xtensa-esp-elf/14.2.0/../../../../xtensa-esp-elf/lib/esp32s3/crt0.o

.debug_loc
 *(.debug_loc)

.debug_macinfo
 *(.debug_macinfo)

.debug_weaknames
 *(.debug_weaknames)

.debug_funcnames
 *(.debug_funcnames)

.debug_typenames
 *(.debug_typenames)

.debug_varnames
 *(.debug_varnames)

.debug_pubtypes
 *(.debug_pubtypes)

.debug_ranges
 *(.debug_ranges)

.debug_addr
 *(.debug_addr)

.debug_line_str
                0x00000000       0xb1
 *(.debug_line_str)
 .debug_line_str
                0x00000000       0xb1 C:/Users/Lei/.platformio/packages/toolchain-xtensa-esp-elf/bin/../lib/gcc/xtensa-esp-elf/14.2.0/../../../../xtensa-esp-elf/lib/esp32s3/crt0.o

.debug_loclists
 *(.debug_loclists)

.debug_macro
 *(.debug_macro)

.debug_names
 *(.debug_names)

.debug_rnglists
 *(.debug_rnglists)

.debug_str_offsets
 *(.debug_str_offsets)

.debug_sup
 *(.debug_sup)

.gnu.attributes
 *(.gnu.attributes)

.xt.lit         0x00000000       0x30
 *(.xt.lit .xt.lit.* .gnu.linkonce.p.*)
 .xt.lit        0x00000000        0x8 C:/Users/Lei/.platformio/packages/toolchain-xtensa-esp-elf/bin/../lib/gcc/xtensa-esp-elf/14.2.0/../../../../xtensa-esp-elf/lib/esp32s3/crt0.o
 .xt.lit        0x00000008       0x18 C:/Users/Lei/.platformio/packages/toolchain-xtensa-esp-elf/bin/../lib/gcc/xtensa-esp-elf/14.2.0/esp32s3/crtbegin.o
 .xt.lit        0x00000020       0x10 C:/Users/Lei/.platformio/packages/toolchain-xtensa-esp-elf/bin/../lib/gcc/xtensa-esp-elf/14.2.0/esp32s3/crtend.o

.xt.insn
 *(.xt.insn .gnu.linkonce.x.*)

.xt.prop        0x00000000      0x24c
 *(.xt.prop .xt.prop.* .gnu.linkonce.prop.*)
 .xt.prop       0x00000000       0x24 C:/Users/Lei/.platformio/packages/toolchain-xtensa-esp-elf/bin/../lib/gcc/xtensa-esp-elf/14.2.0/../../../../xtensa-esp-elf/lib/esp32s3/crt0.o
 .xt.prop       0x00000024       0x30 C:/Users/Lei/.platformio/packages/toolchain-xtensa-esp-elf/bin/../lib/gcc/xtensa-esp-elf/14.2.0/esp32s3/crti.o
 .xt.prop       0x00000054      0x120 C:/Users/Lei/.platformio/packages/toolchain-xtensa-esp-elf/bin/../lib/gcc/xtensa-esp-elf/14.2.0/esp32s3/crtbegin.o
                                0x150 (size before relaxing)
 .xt.prop       0x00000174       0x24 CMakeFiles/cmTC_797e4.dir/src.c.obj
 .xt.prop       0x00000198       0x84 C:/Users/Lei/.platformio/packages/toolchain-xtensa-esp-elf/bin/../lib/gcc/xtensa-esp-elf/14.2.0/esp32s3/crtend.o
 .xt.prop       0x0000021c       0x30 C:/Users/Lei/.platformio/packages/toolchain-xtensa-esp-elf/bin/../lib/gcc/xtensa-esp-elf/14.2.0/esp32s3/crtn.o

/DISCARD/
 *(.note.GNU-stack)
 *(.gnu_debuglink)
 *(.gnu.lto_*)
OUTPUT(cmTC_797e4 elf32-xtensa-le)
